// Jest Snapshot v1, https://goo.gl/fbAQLP

exports[`drawManager should calculate the moon's position 1`] = `
[
  52910.80138347723,
  355798.8456065294,
  180809.6200844296,
]
`;
